2023-10-05 08:00:00 - INFO - Application started.
2023-10-05 08:02:12 - DEBUG - Initializing modules.
2023-10-05 08:05:30 - INFO - User 'admin' logged in.
2023-10-05 08:10:22 - ERROR - Database connection lost.
2023-10-05 08:15:45 - WARNING - Disk space is running low (Free space: 4%).
2023-10-05 08:20:18 - INFO - User 'jane.doe' logged in.
2023-10-05 08:25:01 - DEBUG - Processing request #12346.
2023-10-05 08:30:33 - INFO - Request to update user profile received.
2023-10-05 08:35:50 - DEBUG - Processing request #12347.
2023-10-05 08:40:42 - ERROR - Application crashed unexpectedly. Stack trace:
    File "app.py", line 456, in main
        raise Exception("An error occurred.")
    ...
2023-10-05 08:45:27 - INFO - Application restarted.
2023-10-05 08:50:15 - INFO - User 'bob.smith' logged in.
2023-10-05 08:55:42 - WARNING - Failed to send email to user 'jane.doe'.
2023-10-05 09:00:19 - INFO - System backup initiated.
2023-10-05 09:05:55 - DEBUG - Processing request #12348.
2023-10-05 09:10:33 - ERROR - Out of memory. Application terminated.
2023-10-05 09:15:19 - INFO - Application restarted.
2023-10-05 09:20:02 - INFO - User 'alice' logged in.
2023-10-05 09:25:43 - DEBUG - Processing request #12349.
2023-10-05 09:30:22 - INFO - Request to reset password for user 'bob.smith' received.
2023-10-05 09:35:11 - DEBUG - Processing request #12350.
2023-10-05 09:40:37 - WARNING - High CPU usage detected (CPU usage: 98%).
2023-10-05 09:45:55 - INFO - User 'joe' logged in.
2023-10-05 09:50:28 - DEBUG - Processing request #12351.
2023-10-05 09:55:17 - INFO - Application shutdown requested.
2023-10-05 10:00:00 - INFO - Application shut down gracefully.
... (repeated lines) ...
2023-10-05 23:55:00 - INFO - Application started.
2023-10-05 23:57:12 - DEBUG - Initializing modules.
2023-10-06 00:00:01 - INFO - User 'admin' logged in.
2023-10-06 00:05:15 - ERROR - Database connection lost.
2023-10-06 00:10:30 - WARNING - Disk space is running low (Free space: 2%).
2023-10-06 00:15:42 - INFO - User 'jane.doe' logged in.
2023-10-06 00:20:48 - DEBUG - Processing request #12358.
2023-10-06 00:25:11 - INFO - Request to update user profile received.
2023-10-06 00:30:24 - DEBUG - Processing request #12359.
2023-10-06 00:35:19 - ERROR - Application crashed unexpectedly. Stack trace:
    File "app.py", line 789, in main
        raise Exception("An error occurred.")
    ...
2023-10-06 00:40:33 - INFO - Application restarted.
2023-10-06 00:45:27 - INFO - User 'bob.smith' logged in.
2023-10-06 00:50:45 - WARNING - Failed to send email to user 'jane.doe'.
2023-10-06 00:55:59 - INFO - System backup initiated.
2023-10-06 01:00:08 - DEBUG - Processing request #12360.
2023-10-06 01:05:37 - ERROR - Out of memory. Application terminated.
2023-10-06 01:10:14 - INFO - Application restarted.
2023-10-06 01:15:28 - INFO - User 'alice' logged in.
2023-10-06 01:20:49 - DEBUG - Processing request #12361.
2023-10-06 01:25:22 - INFO - Request to reset password for user 'bob.smith' received.
2023-10-06 01:30:10 - DEBUG - Processing request #12362.
2023-10-06 01:35:48 - WARNING - High CPU usage detected (CPU usage: 97%).
2023-10-06 01:40:55 - INFO - User 'joe' logged in.
2023-10-06 01:45:18 - DEBUG - Processing request #12363.
2023-10-06 01:50:00 - INFO - Application shutdown requested.
2023-10-06 01:55:01 - INFO - Application shut down gracefully.